"be_users",,,,,,,
,"uid","pid","username","usergroup","deleted","admin","options","disable","email"
,1,0,"admin",,0,1,0,0,""
,2,0,"editor_deleted",,1,0,0,0,""
,3,0,"admin_disabled",,0,1,0,1,""
,4,0,"_cli_","",0,1,3,0,""
,5,0,"picard","",0,1,3,0,"starcommand@example.com"
be_groups,,,,,,,,
,uid,pid,title,deleted,db_mountpoints,tables_select,tables_modify,non_exclude_fields
,4,0,editors,0,1,"pages,tt_content","pages,tt_content","pages:title,pages:TSconfig,tt_content:header,tt_content:CType,tt_content:bodytext"
,8,0,admins,0,1,"pages,tt_content","pages,tt_content","pages:title,pages:TSconfig,tt_content:header,tt_content:CType,tt_content:bodytext"
,15,0,engineering,0,1,"pages,tt_content","pages,tt_content","pages:title,pages:TSconfig,tt_content:header,tt_content:CType,tt_content:bodytext"
,16,0,medical,0,1,"pages,tt_content","pages,tt_content","pages:title,pages:TSconfig,tt_content:header,tt_content:CType,tt_content:bodytext"
